
INFO:
VK_KHR_device_group_creation
INFO:
VK_KHR_external_fence_capabilities
INFO:
VK_KHR_external_memory_capabilities
INFO:
VK_KHR_external_semaphore_capabilities
INFO:
VK_KHR_get_physical_device_properties2
INFO:
VK_KHR_get_surface_capabilities2
INFO:
VK_KHR_surface
INFO:
VK_KHR_win32_surface
INFO:
VK_EXT_debug_report
INFO:
VK_EXT_debug_utils
INFO:
VK_EXT_swapchain_colorspace
INFO:
VK_KHR_display
INFO:
VK_KHR_get_display_properties2
INFO:
VK_KHR_surface_maintenance1
INFO:
VK_KHR_surface_protected_capabilities
INFO:
VK_EXT_direct_mode_display
INFO:
VK_EXT_surface_maintenance1
INFO:
VK_NV_external_memory_capabilities
INFO:
VK_KHR_portability_enumeration
INFO:
VK_LUNARG_direct_driver_loading
INFO:
Removing layer VK_LAYER_EOS_Overlay (C:\Program Files (x86)\Epic Games\Launcher\Portal\Extras\Overlay\EOSOverlayVkLayer-Win64.json) because it is a duplicate of VK_LAYER_EOS_Overlay (C:\Program Files (x86)\Epic Games\Launcher\Portal\Extras\Overlay\EOSOverlayVkLayer-Win32.json)
INFO:
Layer VK_LAYER_OBS_HOOK uses API version 1.3 which is older than the application specified API version of 1.4. May cause issues.
INFO:
vkCreateInstance(): DebugPrintf logs to the Information message severity, enabling Information level logging otherwise the message will not be seen.
INFO:
Selected physical device: NVIDIA GeForce RTX 5080
INFO:
vkCreateDevice(): Warning that validation is adjusting settings:
	Forcing fragmentStoresAndAtomics to VK_TRUE
	Forcing vertexPipelineStoresAndAtomics to VK_TRUE
	Adding a VkPhysicalDeviceTimelineSemaphoreFeatures to pNext with timelineSemaphore set to VK_TRUE
	Adding a VkPhysicalDeviceVulkanMemoryModelFeatures to pNext with vulkanMemoryModel and vulkanMemoryModelDeviceScope set to VK_TRUE
	Adding a VkPhysicalDeviceBufferDeviceAddressFeatures to pNext with bufferDeviceAddress set to VK_TRUE
	Adding a VkPhysicalDeviceScalarBlockLayoutFeatures to pNext with scalarBlockLayout set to VK_TRUE
	Adding a VkPhysicalDevice8BitStorageFeatures to pNext with storageBuffer8BitAccess set to VK_TRUE
	Adding a VkPhysicalDevice16BitStorageFeatures to pNext with storageBuffer16BitAccess set to VK_TRUE

INFO:
vkCmdDrawIndexed(): the descriptor [VkDescriptorSet 0x2e400000002e4, Set 1, Binding 2, Index 0] is being used in draw but has never been updated via vkUpdateDescriptorSets() or a similar call.
The Vulkan spec states: Descriptors in each bound descriptor set, specified via vkCmdBindDescriptorSets, must be valid if they are accessed as described by descriptor validity by the VkPipeline bound to the pipeline bind point used by this command and the bound VkPipeline was not created with VK_PIPELINE_CREATE_DESCRIPTOR_BUFFER_BIT_EXT (https://docs.vulkan.org/spec/latest/chapters/drawing.html#VUID-vkCmdDrawIndexed-None-08114)
INFO:
vkCmdDrawIndexed(): the descriptor [VkDescriptorSet 0x2e400000002e4, Set 1, Binding 4, Index 0] is being used in draw but has never been updated via vkUpdateDescriptorSets() or a similar call.
The Vulkan spec states: Descriptors in each bound descriptor set, specified via vkCmdBindDescriptorSets, must be valid if they are accessed as described by descriptor validity by the VkPipeline bound to the pipeline bind point used by this command and the bound VkPipeline was not created with VK_PIPELINE_CREATE_DESCRIPTOR_BUFFER_BIT_EXT (https://docs.vulkan.org/spec/latest/chapters/drawing.html#VUID-vkCmdDrawIndexed-None-08114)
INFO:
vkCmdDrawIndexed(): the descriptor [VkDescriptorSet 0x2e400000002e4, Set 1, Binding 5, Index 0] is being used in draw but has never been updated via vkUpdateDescriptorSets() or a similar call.
The Vulkan spec states: Descriptors in each bound descriptor set, specified via vkCmdBindDescriptorSets, must be valid if they are accessed as described by descriptor validity by the VkPipeline bound to the pipeline bind point used by this command and the bound VkPipeline was not created with VK_PIPELINE_CREATE_DESCRIPTOR_BUFFER_BIT_EXT (https://docs.vulkan.org/spec/latest/chapters/drawing.html#VUID-vkCmdDrawIndexed-None-08114)
INFO:
vkCmdDrawIndexed(): the descriptor [VkDescriptorSet 0x2e400000002e4, Set 1, Binding 3, Index 0] is being used in draw but has never been updated via vkUpdateDescriptorSets() or a similar call.
The Vulkan spec states: Descriptors in each bound descriptor set, specified via vkCmdBindDescriptorSets, must be valid if they are accessed as described by descriptor validity by the VkPipeline bound to the pipeline bind point used by this command and the bound VkPipeline was not created with VK_PIPELINE_CREATE_DESCRIPTOR_BUFFER_BIT_EXT (https://docs.vulkan.org/spec/latest/chapters/drawing.html#VUID-vkCmdDrawIndexed-None-08114)
INFO:
vkCmdDrawIndexed(): the descriptor [VkDescriptorSet 0x2e700000002e7, Set 1, Binding 2, Index 0] is being used in draw but has never been updated via vkUpdateDescriptorSets() or a similar call.
The Vulkan spec states: Descriptors in each bound descriptor set, specified via vkCmdBindDescriptorSets, must be valid if they are accessed as described by descriptor validity by the VkPipeline bound to the pipeline bind point used by this command and the bound VkPipeline was not created with VK_PIPELINE_CREATE_DESCRIPTOR_BUFFER_BIT_EXT (https://docs.vulkan.org/spec/latest/chapters/drawing.html#VUID-vkCmdDrawIndexed-None-08114)
INFO:
vkCmdDrawIndexed(): the descriptor [VkDescriptorSet 0x2e700000002e7, Set 1, Binding 4, Index 0] is being used in draw but has never been updated via vkUpdateDescriptorSets() or a similar call.
The Vulkan spec states: Descriptors in each bound descriptor set, specified via vkCmdBindDescriptorSets, must be valid if they are accessed as described by descriptor validity by the VkPipeline bound to the pipeline bind point used by this command and the bound VkPipeline was not created with VK_PIPELINE_CREATE_DESCRIPTOR_BUFFER_BIT_EXT (https://docs.vulkan.org/spec/latest/chapters/drawing.html#VUID-vkCmdDrawIndexed-None-08114)
INFO:
vkCmdDrawIndexed(): the descriptor [VkDescriptorSet 0x2e700000002e7, Set 1, Binding 5, Index 0] is being used in draw but has never been updated via vkUpdateDescriptorSets() or a similar call.
The Vulkan spec states: Descriptors in each bound descriptor set, specified via vkCmdBindDescriptorSets, must be valid if they are accessed as described by descriptor validity by the VkPipeline bound to the pipeline bind point used by this command and the bound VkPipeline was not created with VK_PIPELINE_CREATE_DESCRIPTOR_BUFFER_BIT_EXT (https://docs.vulkan.org/spec/latest/chapters/drawing.html#VUID-vkCmdDrawIndexed-None-08114)
INFO:
vkCmdDrawIndexed(): the descriptor [VkDescriptorSet 0x2e700000002e7, Set 1, Binding 3, Index 0] is being used in draw but has never been updated via vkUpdateDescriptorSets() or a similar call.
The Vulkan spec states: Descriptors in each bound descriptor set, specified via vkCmdBindDescriptorSets, must be valid if they are accessed as described by descriptor validity by the VkPipeline bound to the pipeline bind point used by this command and the bound VkPipeline was not created with VK_PIPELINE_CREATE_DESCRIPTOR_BUFFER_BIT_EXT (https://docs.vulkan.org/spec/latest/chapters/drawing.html#VUID-vkCmdDrawIndexed-None-08114)
INFO:
vkCmdDrawIndexed(): the descriptor [VkDescriptorSet 0x2ea00000002ea, Set 1, Binding 2, Index 0] is being used in draw but has never been updated via vkUpdateDescriptorSets() or a similar call.
The Vulkan spec states: Descriptors in each bound descriptor set, specified via vkCmdBindDescriptorSets, must be valid if they are accessed as described by descriptor validity by the VkPipeline bound to the pipeline bind point used by this command and the bound VkPipeline was not created with VK_PIPELINE_CREATE_DESCRIPTOR_BUFFER_BIT_EXT (https://docs.vulkan.org/spec/latest/chapters/drawing.html#VUID-vkCmdDrawIndexed-None-08114)
INFO:
(Warning - This VUID has now been reported 10 times, which is the duplicate_message_limit value, this will be the last time reporting it).
vkCmdDrawIndexed(): the descriptor [VkDescriptorSet 0x2ea00000002ea, Set 1, Binding 4, Index 0] is being used in draw but has never been updated via vkUpdateDescriptorSets() or a similar call.
The Vulkan spec states: Descriptors in each 